2026-09-01 17:14:04 INFO Application startup. Initializing sensor logger...
2026-09-01 17:14:04 INFO Created new CSV file and wrote headers
2026-09-01 17:14:04 INFO Sensor logger initialized and ready.
2026-09-01 17:14:04 INFO Sensor data collected successfully
2026-09-01 17:15:04 INFO Sensor data collected successfully
2026-09-01 17:16:04 INFO Sensor data collected successfully
2026-09-01 17:17:04 INFO Sensor data collected successfully
2026-09-01 17:18:04 INFO Sensor data collected successfully
2026-09-01 17:20:19 INFO Application startup. Initializing sensor logger...
2026-09-01 17:20:19 INFO Sensor logger initialized and ready.
2026-09-01 17:20:19 INFO Sensor data collected successfully
2026-09-01 17:21:19 INFO Sensor data collected successfully
2026-09-01 17:22:19 INFO Sensor data collected successfully
2026-09-01 17:23:19 INFO Sensor data collected successfully
2026-09-01 17:24:20 INFO Sensor data collected successfully
2026-09-01 17:25:20 INFO Sensor data collected successfully
2026-09-01 17:26:20 INFO Sensor data collected successfully
2026-09-01 17:27:20 INFO Sensor data collected successfully
2026-09-01 17:28:20 INFO Sensor data collected successfully
2026-09-01 17:29:20 INFO Sensor data collected successfully
2026-09-01 17:30:20 INFO Sensor data collected successfully
2026-09-01 17:31:20 INFO Sensor data collected successfully
2026-09-01 17:32:20 INFO Sensor data collected successfully
2026-09-01 17:33:20 INFO Sensor data collected successfully
2026-09-01 17:34:20 INFO Sensor data collected successfully
2026-09-01 17:35:20 INFO Sensor data collected successfully
2026-09-01 17:36:20 INFO Sensor data collected successfully
2026-09-01 17:37:20 INFO Sensor data collected successfully
2026-09-01 17:38:21 INFO Sensor data collected successfully
2026-09-01 17:39:21 INFO Sensor data collected successfully
2026-09-01 17:40:21 INFO Sensor data collected successfully
2026-09-01 17:41:21 INFO Sensor data collected successfully
2026-09-01 17:42:21 INFO Sensor data collected successfully
2026-09-01 17:43:21 INFO Sensor data collected successfully
2026-09-01 17:44:21 INFO Sensor data collected successfully
2026-09-01 17:45:21 INFO Sensor data collected successfully
2026-09-01 17:46:21 INFO Sensor data collected successfully
2026-09-01 17:47:21 INFO Sensor data collected successfully
2026-09-01 17:48:21 INFO Sensor data collected successfully
2026-09-01 17:49:22 INFO Sensor data collected successfully
2026-09-01 17:50:22 INFO Sensor data collected successfully
2026-09-01 17:51:22 INFO Sensor data collected successfully
2026-09-01 17:52:22 INFO Sensor data collected successfully
2026-09-01 17:53:22 INFO Sensor data collected successfully
2026-09-01 17:54:22 ERROR API connection failed: HTTPConnectionPool(host='192.168.100.131', port=5000): Max retries exceeded with url: /api/data (Caused by NewConnectionError('<urllib3.connection.HTTPConnection object at 0x00000201C6BCD590>: Failed to establish a new connection: [WinError 10065] A socket operation was attempted to an unreachable host'))
2026-09-01 17:55:22 ERROR API connection failed: HTTPConnectionPool(host='192.168.100.131', port=5000): Max retries exceeded with url: /api/data (Caused by NewConnectionError('<urllib3.connection.HTTPConnection object at 0x00000201C6BCE030>: Failed to establish a new connection: [WinError 10065] A socket operation was attempted to an unreachable host'))
2026-09-01 17:56:23 INFO Sensor data collected successfully
2026-09-01 17:57:23 INFO Sensor data collected successfully
2026-09-01 17:58:23 INFO Sensor data collected successfully
2026-09-01 17:59:23 INFO Sensor data collected successfully
2026-09-01 18:00:23 INFO Sensor data collected successfully
2026-09-01 18:01:23 INFO Sensor data collected successfully
2026-09-01 18:02:23 INFO Sensor data collected successfully
2026-09-01 18:03:23 INFO Sensor data collected successfully
2026-09-01 18:04:23 INFO Sensor data collected successfully
2026-09-01 18:05:23 INFO Sensor data collected successfully
2026-09-01 18:06:23 INFO Sensor data collected successfully
2026-09-01 18:07:23 INFO Sensor data collected successfully
2026-09-01 18:08:23 INFO Sensor data collected successfully
2026-09-01 18:09:23 INFO Sensor data collected successfully
2026-09-01 18:10:24 INFO Sensor data collected successfully
2026-09-01 18:11:24 INFO Sensor data collected successfully
2026-09-01 18:12:34 ERROR API connection failed: HTTPConnectionPool(host='192.168.100.131', port=5000): Max retries exceeded with url: /api/data (Caused by ConnectTimeoutError(<urllib3.connection.HTTPConnection object at 0x00000201C6BCDAE0>, 'Connection to 192.168.100.131 timed out. (connect timeout=10)'))
2026-09-01 18:13:34 ERROR API connection failed: HTTPConnectionPool(host='192.168.100.131', port=5000): Max retries exceeded with url: /api/data (Caused by NewConnectionError('<urllib3.connection.HTTPConnection object at 0x00000201C6BCDBF0>: Failed to establish a new connection: [WinError 10065] A socket operation was attempted to an unreachable host'))
2026-09-01 18:14:34 ERROR API connection failed: HTTPConnectionPool(host='192.168.100.131', port=5000): Max retries exceeded with url: /api/data (Caused by NewConnectionError('<urllib3.connection.HTTPConnection object at 0x00000201C6BCD6A0>: Failed to establish a new connection: [WinError 10065] A socket operation was attempted to an unreachable host'))
2026-09-01 18:15:34 ERROR API connection failed: HTTPConnectionPool(host='192.168.100.131', port=5000): Max retries exceeded with url: /api/data (Caused by NewConnectionError('<urllib3.connection.HTTPConnection object at 0x00000201C6BCD7B0>: Failed to establish a new connection: [WinError 10065] A socket operation was attempted to an unreachable host'))
2026-09-01 18:16:34 ERROR API connection failed: HTTPConnectionPool(host='192.168.100.131', port=5000): Max retries exceeded with url: /api/data (Caused by NewConnectionError('<urllib3.connection.HTTPConnection object at 0x00000201C6BCD8C0>: Failed to establish a new connection: [WinError 10065] A socket operation was attempted to an unreachable host'))
2026-09-01 21:23:48 ERROR API connection failed: HTTPConnectionPool(host='192.168.100.131', port=5000): Max retries exceeded with url: /api/data (Caused by ConnectTimeoutError(<urllib3.connection.HTTPConnection object at 0x00000201C6BCD9D0>, 'Connection to 192.168.100.131 timed out. (connect timeout=10)'))
